id	transcript	gene_id	gene_name	chrom	offset	frame	freq	credible_interval	depth	nvar	nsomatic	nvariant_sites	nsomvariant_sites	strand	variant_sites	somatic_positions	somatic_aa_change	germline_positions	germline_aa_change	normal_sequence	mutant_sequence
1_2_F	Tr2	G2	GeneB	1	1	0	0.5	0.29-0.71	20	1	1	1	1	Forward	1	1	G-T			GATCAGGTTACAATTATTACAGATAGGTATATATAG	TATCAGGTTACAATTATTACAGATAGGTATATATAG
1_3_F	Tr3	G3	GeneC	1	1	0	0.5	0.38-0.62	20	1	1	1	1	Forward	1	1	T-G			AGTACCGATCATATTATTACAGATAGGTATATATAG	AGTACCGATCAGATTATTACAGATAGGTATATATAG
2_3_F	Tr3	G3	GeneC	1	1	0	0.5	0.38-0.62	20	1	1	1	1	Forward	1	1	T-G			AGTACCGATCATATTATTACAGATAGGTATATATAG	AGTACCGATCAGATTATTACAGATAGGTATATATAG
3_3_F	Tr3	G3	GeneC	1	1	0	0.5	0.38-0.62	20	1	1	1	1	Forward	1	1	T-G			AGTACCGATCATATTATTACAGATAGGTATATATAG	AGTACCGATCAGATTATTACAGATAGGTATATATAG
1_4_F	Tr4	G4	GeneD	1	1	0	1.0	0.90-1.00	20	1	1	1	1	Forward	1	1	T-G				GATAGCATACCGATTATTACAGATAGGTATATATAG
2_4_F	Tr4	G4	GeneD	1	1	0	1.0	0.90-1.00	20	1	1	1	1	Forward	1	1	T-G				GATAGCATACCGATTATTACAGATAGGTATATATAG
3_4_F	Tr4	G4	GeneD	1	1	0	1.0	0.90-1.00	20	1	1	1	1	Forward	1	1	T-G				GATAGCATACCGATTATTACAGATAGGTATATATAG
