>d0e162ace9c7c27F
AAAATGATTGCAGACTTTCTGGTTGAG
>b757c2791648ea0F
AAAATGATTGCAGACTTTCTGGTTGtG
>14e579cd1a6da0fF
ATGATTGCAGACTTTCTGGTTGAGCGC
>0a2f1659db4e248F
ATGATTGCAGACTTTCTGGTTGtGCGC
>31b947f29ca3de1F
ATTGCAGACTTTCTGGTTGAGCGCAAG
>3b8fe1e116aa08dF
ATTGCAGACTTTCTGGTTGtGCGCAAG
>4982561133be9e2F
GCAGACTTTCTGGTTGAGCGCAAGACT
>7bbe4ec4d3f1fd7F
GCAGACTTTCTGGTTGtGCGCAAGACT
>43c694617025731F
GACTTTCTGGTTGAGCGCAAGACTATT
>69d1603a3619462F
GACTTTCTGGTTGtGCGCAAGACTATT
>c03086ec539e5e4F
TTTCTGGTTGAGCGCAAGACTATTTCT
>1dc9a196a389081F
TTTCTGGTTGtGCGCAAGACTATTgCT
>370d73d49de8b01F
CTGGTTGAGCGCAAGACTATTTCTTTT
>377637b77f9ca9bF
CTGGTTGtGCGCAAGACTATTgCTTTT
>0f8dcb02a921d38F
GTTGAGCGCAAGACTATTTCTTTTGAT
>c757c189c7eb526F
GTTGtGCGCAAGACTATTgCTTTTGAT
>a2370b92773f6eaF
GAGCGCAAGACTATTTCTTTTGATGCC
>cac5c40f7e2c1f6F
GtGCGCAAGACTATTgCTTTTGATGCC
>030dd4fc42b12aaF
CGCAAGACTATTTCTTTTGATGCCTGC
>4cf9837643ca286F
CGCAAGACTATTgCTTTTGATGCCTGC
>6764f5bd79911feF
AAGACTATTTCTTTTGATGCCTGCCTG
>66e2f09d85790d1F
AAGACTATTgCTTTTGATGCCTGCCTG
>1060323b23dc04eF
ACTATTTCTTTTGATGCCTGCCTGGCC
>a280489503c049cF
ACTATTgCTTTTGATGCCTGCCTGGCC
>e80df01c1827384F
ATTTCTTTTGATGCCTGCCTGGCCCAG
>1823c18d0c8e78cF
ATTgCTTTTGATGCCTGCCTGGCCCAG
>b5b7c270eda070aF
TCTTTTGATGCCTGCCTGGCCCAGATT
>c97678c6e117768F
gCTTTTGATGCCTGCCTGGCCCAGATT
>9bd58595971b1a0F
GTATGTGTTGTGCTCGTCCTCATTTCA
>467cb28fd261355F
GTATGTGTTGTGCTCGTCCTCATTTCg
>55cfa8b0694b913F
TGTGTTGTGCTCGTCCTCATTTCATGG
>48e70a4f61cbd23F
TGTGTTGTGCTCGTCCTCATTTCgTGG
>48e70a4f61cbd23F
TGTGTTGTGCTCGTCCTCATTTCgTGG
>325700acb1a7cf1F
GTTGTGCTCGTCCTCATTTCATGGTTT
>20ff28e513f91daF
GTTGTGCTCGTCCTCATTTCgTGGTTT
>20ff28e513f91daF
GTTGTGCTCGTCCTCATTTCgTGGTTT
>b5fb4910c5f56a6F
GTGCTCGTCCTCATTTCATGGTTTGTG
>2395a4e72d4723fF
GTGCTCGTCCTCATTTCgTGGTTTGTG
>2395a4e72d4723fF
GTGCTCGTCCTCATTTCgTGGTTTGTG
>3c9764c2a66d8c7F
CTCGTCCTCATTTCATGGTTTGTGGGC
>3318a8542ef3a9dF
CTCGTCCTCATTTCgTGGTTTGTGGGC
>3318a8542ef3a9dF
CTCGTCCTCATTTCgTGGTTTGTGGGC
>2cfca6436885392F
GTCCTCATTTCATGGTTTGTGGGCTTC
>90bbe41df6e1965F
GTCCTCATTTCgTGGTTTGTGGGCTTC
>90bbe41df6e1965F
GTCCTCATTTCgTGGTTTGTGGGCTTC
>feb03e82884a1b8F
CTCATTTCATGGTTTGTGGGCTTCATC
>0cdd711e0807359F
CTCATTTCgTGGTTTGTGGGCTTCATC
>0cdd711e0807359F
CTCATTTCgTGGTTTGTGGGCTTCATC
>3199de475cdef39F
ATTTCATGGTTTGTGGGCTTCATCCAT
>51ea83da8f8d405F
ATTTCgTGGTTTGTGGGCTTCATCCAT
>51ea83da8f8d405F
ATTTCgTGGTTTGTGGGCTTCATCCAT
>07a2663aeee6485F
TCATGGTTTGTGGGCTTCATCCATACT
>29f80600d2de649F
TCgTGGTTTGTGGGCTTCATCCATACT
>29f80600d2de649F
TCgTGGTTTGTGGGCTTCATCCATACT
>439f2421ee7531dF
GCTGTATTCTACACCATCTTCACGCTT
>9095bbc734307dbF
GCTGTATTCTACACCATCTTCACGCcT
>6ecd33c6219608cF
GTATTCTACACCATCTTCACGCTTATT
>0019e42734312dcF
GTATTCTACACCATCTTCACGCcTATT
>c436f753dac6d05F
TTCTACACCATCTTCACGCTTATTTTA
>99e037769e7e618F
TTCTACACCATCTTCACGCcTATTTTA
>d26e8ea516c0615F
TACACCATCTTCACGCTTATTTTAAAC
>86d808239b45c84F
TACACCATCTTCACGCcTATTTTAAAC
>3817b80419e7d5fF
ACCATCTTCACGCTTATTTTAAACCCT
>1d4ebc16cc507baF
ACCATCTTCACGCcTATTTTAAACCCT
>6a41e6e4a9674eaF
ATCTTCACGCTTATTTTAAACCCTGTA
>67500e0276f6830F
ATCTTCACGCcTATTTTAAACCCTGTA
>fe7deda783ad5b0F
TTCACGCTTATTTTAAACCCTGTAATC
>9e90f4c3f608a85F
TTCACGCcTATTTTAAACCCTGTAATg
>ada969ed0f4ca81F
ACGCTTATTTTAAACCCTGTAATCTAC
>57351b40eb5f98bF
ACGCcTATTTTAAACCCTGTAATgTAC
>843865ced5ae940F
CTTATTTTAAACCCTGTAATCTACACG
>0ebde5f457c5fabF
CcTATTTTAAACCCTGTAATgTACACG
>a95d7f1dcbc9644F
ATTTTAAACCCTGTAATCTACACGCTA
>334c7ac82a2151dF
ATTTTAAACCCTGTAATgTACACGCTA
>9727daff337716cF
TTAAACCCTGTAATCTACACGCTAAGA
>058cbe6badb7f95F
TTAAACCCTGTAATgTACACGCTAAGA
>a15150384715033F
AACCCTGTAATCTACACGCTAAGAAAC
>54c7ec5e0d8c468F
AACCCTGTAATgTACACGCTAAGAAAC
>89a52c037a905f2F
CCTGTAATCTACACGCTAAGAAACAAA
>8c6f6c7c66d0fe8F
CCTGTAATgTACACGCTAAGAAACAAA
>a41b9d336833ef9F
GTAATCTACACGCTAAGAAACAAAGAA
>597dd158b206912F
GTAATgTACACGCTAAGAAACAAAGAA
>4f447f9f157e0ebF
ATCTACACGCTAAGAAACAAAGAAGTG
>a71503b7a96d0e9F
ATgTACACGCTAAGAAACAAAGAAGTG
>797be35fb510426F
AAAATGATTGCAGACTTTCTGGTTGAG
>c4874ef3698e68bF
AAAATGATTGCAGACTTTCTGGTTGtG
>ff3280b1618385cF
ATGATTGCAGACTTTCTGGTTGAGCGC
>698dd360e63c4c8F
ATGATTGCAGACTTTCTGGTTGtGCGC
>46fa3bf2358f244F
ATTGCAGACTTTCTGGTTGAGCGCAAG
>496dfdab68a0492F
ATTGCAGACTTTCTGGTTGtGCGCAAG
>c53ca816247d999F
GCAGACTTTCTGGTTGAGCGCAAGACT
>370e54d8e185f8dF
GCAGACTTTCTGGTTGtGCGCAAGACT
>48a0508d1d2689aF
GACTTTCTGGTTGAGCGCAAGACTATT
>b9a6ec9b4c46ca0F
GACTTTCTGGTTGtGCGCAAGACTATT
>9c1f4877515245bF
TTTCTGGTTGAGCGCAAGACTATTTCT
>ee36603d6ff4115F
TTTCTGGTTGtGCGCAAGACTATTgCT
>ae32818621ea6c2F
CTGGTTGAGCGCAAGACTATTTCTTTT
>c42cf30c828ab39F
CTGGTTGtGCGCAAGACTATTgCTTTT
>5188e5f97c85118F
GTTGAGCGCAAGACTATTTCTTTTGAT
>950d779d00ccf03F
GTTGtGCGCAAGACTATTgCTTTTGAT
>4ff22878ccacb7bF
GAGCGCAAGACTATTTCTTTTGATGCC
>d1e204f1dae5d70F
GtGCGCAAGACTATTgCTTTTGATGCC
>274af16bbe7a42dF
CGCAAGACTATTTCTTTTGATGCCTGC
>44b04da2dd79901F
CGCAAGACTATTgCTTTTGATGCCTGC
>eda2afceacc6f25F
AAGACTATTTCTTTTGATGCCTGCCTG
>a847beae2e79929F
AAGACTATTgCTTTTGATGCCTGCCTG
>7058b43376e2719F
ACTATTTCTTTTGATGCCTGCCTGGCC
>8f297e0362c5399F
ACTATTgCTTTTGATGCCTGCCTGGCC
>975207bb7c6bd22F
ATTTCTTTTGATGCCTGCCTGGCCCAG
>861b06939cb15bbF
ATTgCTTTTGATGCCTGCCTGGCCCAG
>75e00eb84788b7cF
TCTTTTGATGCCTGCCTGGCCCAGATT
>b89fe7cf8c9565aF
gCTTTTGATGCCTGCCTGGCCCAGATT
>03a7563f3f440fbF
GTATGTGTTGTGCTCGTCCTCATTTCA
>e64187c42c59340F
GTATGTGTTGTGCTCGTCCTCATTTCg
>5df023aaf62c1fdF
TGTGTTGTGCTCGTCCTCATTTCATGG
>5e2ac2c853c122dF
TGTGTTGTGCTCGTCCTCATTTCgTGG
>5e2ac2c853c122dF
TGTGTTGTGCTCGTCCTCATTTCgTGG
>b377742a4813e4eF
GTTGTGCTCGTCCTCATTTCATGGTTT
>0a70af42c0d4e7eF
GTTGTGCTCGTCCTCATTTCgTGGTTT
>0a70af42c0d4e7eF
GTTGTGCTCGTCCTCATTTCgTGGTTT
>1531208c2df827fF
GTGCTCGTCCTCATTTCATGGTTTGTG
>6f2d11c11a2e482F
GTGCTCGTCCTCATTTCgTGGTTTGTG
>6f2d11c11a2e482F
GTGCTCGTCCTCATTTCgTGGTTTGTG
>9e8c8f1a1dbf7f9F
CTCGTCCTCATTTCATGGTTTGTGGGC
>1519d1f354691eaF
CTCGTCCTCATTTCgTGGTTTGTGGGC
>1519d1f354691eaF
CTCGTCCTCATTTCgTGGTTTGTGGGC
>0ed87f397a25815F
GTCCTCATTTCATGGTTTGTGGGCTTC
>c10ac302677604bF
GTCCTCATTTCgTGGTTTGTGGGCTTC
>c10ac302677604bF
GTCCTCATTTCgTGGTTTGTGGGCTTC
>d17e93333a9d1beF
CTCATTTCATGGTTTGTGGGCTTCATC
>72695dde7a58c2bF
CTCATTTCgTGGTTTGTGGGCTTCATC
>72695dde7a58c2bF
CTCATTTCgTGGTTTGTGGGCTTCATC
>13d8382e60db07dF
ATTTCATGGTTTGTGGGCTTCATCCAT
>b30973d3c555ae9F
ATTTCgTGGTTTGTGGGCTTCATCCAT
>b30973d3c555ae9F
ATTTCgTGGTTTGTGGGCTTCATCCAT
>6c113b1e535ab3bF
TCATGGTTTGTGGGCTTCATCCATACT
>09518788ffc5ec7F
TCgTGGTTTGTGGGCTTCATCCATACT
>09518788ffc5ec7F
TCgTGGTTTGTGGGCTTCATCCATACT
>952f7c052025e1cF
GCTGTATTCTACACCATCTTCACGCTT
>4defa17a857761dF
GCTGTATTCTACACCATCTTCACGCcT
>8e302b32b9979e0F
GTATTCTACACCATCTTCACGCTTATT
>7efd89b290a5362F
GTATTCTACACCATCTTCACGCcTATT
>a4b3cb2a7616eb6F
TTCTACACCATCTTCACGCTTATTTTA
>4d90b443bb4b04fF
TTCTACACCATCTTCACGCcTATTTTA
>2068b3c3d1733bdF
TACACCATCTTCACGCTTATTTTAAAC
>bd11c91049fdcbdF
TACACCATCTTCACGCcTATTTTAAAC
>e640ecd1032ce7aF
ACCATCTTCACGCTTATTTTAAACCCT
>b97755a70d4d8bdF
ACCATCTTCACGCcTATTTTAAACCCT
>e3285adae0d899aF
ATCTTCACGCTTATTTTAAACCCTGTA
>14b6a6fe045a8a4F
ATCTTCACGCcTATTTTAAACCCTGTA
>3e98e8cd4dc4194F
TTCACGCTTATTTTAAACCCTGTAATC
>33adcda9340ca7aF
TTCACGCcTATTTTAAACCCTGTAATg
>81d90839cd37f79F
ACGCTTATTTTAAACCCTGTAATCTAC
>23b31b9a6c2b9e4F
ACGCcTATTTTAAACCCTGTAATgTAC
>029174d2234b684F
CTTATTTTAAACCCTGTAATCTACACG
>9db2ab03c532edaF
CcTATTTTAAACCCTGTAATgTACACG
>203918509ab64a9F
ATTTTAAACCCTGTAATCTACACGCTA
>8536199aac8252bF
ATTTTAAACCCTGTAATgTACACGCTA
>35ce88e977bf036F
TTAAACCCTGTAATCTACACGCTAAGA
>cce445ce8846127F
TTAAACCCTGTAATgTACACGCTAAGA
>94245e6123914b3F
AACCCTGTAATCTACACGCTAAGAAAC
>7625c431cf06036F
AACCCTGTAATgTACACGCTAAGAAAC
>4fb7424e01e4fbfF
CCTGTAATCTACACGCTAAGAAACAAA
>7b415a8577311faF
CCTGTAATgTACACGCTAAGAAACAAA
>98c670f729c8cc6F
GTAATCTACACGCTAAGAAACAAAGAA
>5039fb5e4d52a65F
GTAATgTACACGCTAAGAAACAAAGAA
>6c60e51b56014acF
ATCTACACGCTAAGAAACAAAGAAGTG
>b746f5c85a36d30F
ATgTACACGCTAAGAAACAAAGAAGTG
