id	transcript	gene_id	gene_name	chrom	offset	freq	depth	nvar	nsomatic	nvariant_sites	nsomvariant_sites	strand	variant_sites	somatic_positions	somatic_aa_change	germline_positions	germline_aa_change	normal_sequence	mutant_sequence
b757c2791648ea0F	ENST00000641512	ENSG00000169488	OR4K15	chr14	19975827	0.45454545454545453	22	1	1	1	1	Forward	19975852	19975852	p.Glu112Val			AAAATGATTGCAGACTTTCTGGTTGAG	AAAATGATTGCAGACTTTCTGGTTGtG
0a2f1659db4e248F	ENST00000641512	ENSG00000169488	OR4K15	chr14	19975830	0.5217391304347826	23	1	1	1	1	Forward	19975852	19975852	p.Glu112Val			ATGATTGCAGACTTTCTGGTTGAGCGC	ATGATTGCAGACTTTCTGGTTGtGCGC
3b8fe1e116aa08dF	ENST00000641512	ENSG00000169488	OR4K15	chr14	19975833	0.5714285714285714	21	1	1	1	1	Forward	19975852	19975852	p.Glu112Val			ATTGCAGACTTTCTGGTTGAGCGCAAG	ATTGCAGACTTTCTGGTTGtGCGCAAG
7bbe4ec4d3f1fd7F	ENST00000641512	ENSG00000169488	OR4K15	chr14	19975836	0.5909090909090909	22	1	1	1	1	Forward	19975852	19975852	p.Glu112Val			GCAGACTTTCTGGTTGAGCGCAAGACT	GCAGACTTTCTGGTTGtGCGCAAGACT
69d1603a3619462F	ENST00000641512	ENSG00000169488	OR4K15	chr14	19975839	0.5652173913043478	23	1	1	1	1	Forward	19975852	19975852	p.Glu112Val			GACTTTCTGGTTGAGCGCAAGACTATT	GACTTTCTGGTTGtGCGCAAGACTATT
1dc9a196a389081F	ENST00000641512	ENSG00000169488	OR4K15	chr14	19975842	0.5833333333333334	24	2	1	2	1	Forward	19975852|19975866	19975852	p.Glu112Val	19975866	p.Ser117Ala	TTTCTGGTTGAGCGCAAGACTATTgCT	TTTCTGGTTGtGCGCAAGACTATTgCT
377637b77f9ca9bF	ENST00000641512	ENSG00000169488	OR4K15	chr14	19975845	0.5833333333333334	24	2	1	2	1	Forward	19975852|19975866	19975852	p.Glu112Val	19975866	p.Ser117Ala	CTGGTTGAGCGCAAGACTATTgCTTTT	CTGGTTGtGCGCAAGACTATTgCTTTT
c757c189c7eb526F	ENST00000641512	ENSG00000169488	OR4K15	chr14	19975848	0.56	25	2	1	2	1	Forward	19975852|19975866	19975852	p.Glu112Val	19975866	p.Ser117Ala	GTTGAGCGCAAGACTATTgCTTTTGAT	GTTGtGCGCAAGACTATTgCTTTTGAT
cac5c40f7e2c1f6F	ENST00000641512	ENSG00000169488	OR4K15	chr14	19975851	0.56	25	2	1	2	1	Forward	19975852|19975866	19975852	p.Glu112Val	19975866	p.Ser117Ala	GAGCGCAAGACTATTgCTTTTGATGCC	GtGCGCAAGACTATTgCTTTTGATGCC
