id	transcript	gene_id	gene_name	chrom	offset	frame	freq	depth	nvar	nsomatic	nvariant_sites	nsomvariant_sites	strand	variant_sites	somatic_positions	somatic_aa_change	germline_positions	germline_aa_change	normal_sequence	mutant_sequence
2_1_F	Tr1	G1	GeneA	1	1	1	0.5	20	1	1	1	1	Forward	1	30	*W_fs				ATGCGTCGACGAATTATTACAGATAGGTGGTATATAGAA
3_1_F	Tr1	G1	GeneA	1	1	1	0.5	20	1	1	1	1	Forward	1	30	*W_fs				ATGCGTCGACGAATTATTACAGATAGGTGGTATATAGAA
4_1_F	Tr1	G1	GeneA	1	1	1	0.5	20	1	1	1	1	Forward	1	30	*W_fs				ATGCGTCGACGAATTATTACAGATAGGTGGTATATAGAA
5_1_F	Tr1	G1	GeneA	1	1	1	0.5	20	1	1	1	1	Forward	1	30	*W_fs				ATGCGTCGACGAATTATTACAGATAGGTGGTATATAGAA
4_2_R	Tr2	G1	GeneA	1	1	1	0.5	20	1	1	1	1	Reverse	1	6	*W_fs				ATGCCACGACGAATTATTACAGATAGGTGGTATATAGAA
5_2_R	Tr2	G1	GeneA	1	1	1	0.5	20	1	1	1	1	Reverse	1	6	*W_fs				ATGCCACGACGAATTATTACAGATAGGTGGTATATAGAA
1_3A1_F	Tr3	G1	GeneA	1	1	1	0.5	20	1	1	1	1	Forward	1	4	fs				ATGCCACGACGAATTATTACAGATAGGTGGTATATATGA
2_3A1_F	Tr3	G1	GeneA	1	1	1	0.5	20	1	1	1	1	Forward	1	4	fs				ATGCCACGACGAATTATTACAGATAGGTGGTATATATGA
3_3A1_F	Tr3	G1	GeneA	1	1	1	0.5	20	1	1	1	1	Forward	1	4	fs				ATGCCACGACGAATTATTACAGATAGGTGGTATATATGA
4_3A1_F	Tr3	G1	GeneA	1	1	1	0.5	20	1	1	1	1	Forward	1	4	fs				ATGCCACGACGAATTATTACAGATAGGTGGTATATATGA
1_3B1_F	Tr4	G1	GeneA	1	1	0	0.5	20	1	1	1	1	Forward	1	4	fs				ATGCCACGACGAATTATTACAGATAGGTGGTATATAGAA
2_3B1_F	Tr4	G1	GeneA	1	1	0	0.5	20	1	1	1	1	Forward	1	4	fs				ATGCCACGACGAATTATTACAGATAGGTGGTATATAGAA
3_3B1_F	Tr4	G1	GeneA	1	1	0	0.5	20	1	1	1	1	Forward	1	4	fs				ATGCCACGACGAATTATTACAGATAGGTGGTATATAGAA
4_3B1_F	Tr4	G1	GeneA	1	1	0	0.5	20	1	1	1	1	Forward	1	4	fs				ATGCCACGACGAATTATTACAGATAGGTGGTATATAGAA
5_3B1_F	Tr4	G1	GeneA	1	1	0	0.5	20	1	1	1	1	Forward	1	4	fs				ATGCCACGACGAATTATTACAGATAGGTGGTATATAGAA
5_3B2_F	Tr4	G1	GeneA	1	2	0	0.5	20	1	1	1	1	Forward	1	4	fs				CCACGACGAATTATTACAGATAGGTGGTATATAGAATTT
